
Clover EFI installer log - Thu Oct 10 21:28:29 EEST 2019
Installer version: v2.5k r5095 EFI bootloader
======================================================
/dev/disk0 (internal):
   #:                       TYPE NAME                    SIZE       IDENTIFIER
   0:      GUID_partition_scheme                         240.1 GB   disk0
   1:                        EFI EFI                     209.7 MB   disk0s1
   2:                 Apple_APFS Container disk2         239.7 GB   disk0s2

/dev/disk1 (internal, physical):
   #:                       TYPE NAME                    SIZE       IDENTIFIER
   0:      GUID_partition_scheme                        *240.1 GB   disk1
   1:                        EFI EFI                     209.7 MB   disk1s1
   2:                 Apple_APFS Container disk3         239.9 GB   disk1s2

/dev/disk2 (synthesized):
   #:                       TYPE NAME                    SIZE       IDENTIFIER
   0:      APFS Container Scheme -                      +239.7 GB   disk2
                                 Physical Store disk0s2
   1:                APFS Volume Toshiba - Data          19.0 GB    disk2s1
   2:                APFS Volume Preboot                 82.3 MB    disk2s2
   3:                APFS Volume Recovery                528.9 MB   disk2s3
   4:                APFS Volume VM                      1.1 GB     disk2s4
   5:                APFS Volume Toshiba                 10.7 GB    disk2s5

/dev/disk3 (synthesized):
   #:                       TYPE NAME                    SIZE       IDENTIFIER
   0:      APFS Container Scheme -                      +239.9 GB   disk3
                                 Physical Store disk1s2
   1:                APFS Volume Mojave-14.5             71.3 GB    disk3s1
   2:                APFS Volume Preboot                 44.8 MB    disk3s2
   3:                APFS Volume Recovery                510.4 MB   disk3s3
   4:                APFS Volume VM                      20.5 KB    disk3s4

======================================================
Backing up EFI files

Backing up stage2 file /Volumes/Mojave-14.5/EFIROOTDIR/boot  to /Volumes/Mojave-14.5/EFI-Backups/r5093/2019-10-10-21h28/boot
Backing up /Volumes/Mojave-14.5/EFIROOTDIR/EFI folder to /Volumes/Mojave-14.5/EFI-Backups/r5093/2019-10-10-21h28/EFI
======================================================
Installing BootSectors/BootLoader

Stage 0 - Don't write any of boot0af, boot0md, boot0ss to /
Stage 1 - Don't write any of boot1h2, boot1f32alt, boot1xalt to /
Stage 2 - Written boot6 (x64) to //boot

======================================================
=========== Clover EFI Installation Finish ===========
======================================================
